{"ts":"2026-03-19T18:39:24.857Z","level":"info","message":"logger_test","meta":{"ok":true}}
{"ts":"2026-03-19T19:23:01.730Z","level":"error","message":"getaddrinfo ENOTFOUND zatn.in","meta":{"path":"/api/admin/users","method":"POST"}}
{"ts":"2026-03-20T05:53:45.996Z","level":"error","message":"insert into `users` (`email`, `email_verified_at`, `is_active`, `password_hash`, `role_id`) values ('yokemuke8@gmail.com', NULL, false, '$2b$12$Hs/66ahfW9wG87ZHzDELn.x.DKkoec6v8.zaZiCkpvNcZXwU/Jidu', 2) - Duplicate entry 'yokemuke8@gmail.com' for key 'users.users_email_unique'","meta":{"path":"/api/admin/users","method":"POST"}}
{"ts":"2026-03-20T05:54:13.037Z","level":"error","message":"certificate has expired","meta":{"emailTo":"uit20227@rmd.ac.in","mailSubject":"Your admin email verification code"}}
{"ts":"2026-03-20T05:54:48.667Z","level":"error","message":"certificate has expired","meta":{"emailTo":"uit20227@rmd.ac.in","mailSubject":"Your admin password reset token"}}
{"ts":"2026-03-20T06:01:16.398Z","level":"error","message":"certificate has expired","meta":{"emailTo":"yokemuke8@gmail.com","mailSubject":"Your admin email verification code"}}
{"ts":"2026-03-20T06:02:29.061Z","level":"error","message":"select `id`, `name`, `role`, `education`, `bio`, `photo_url`, `photo_position`, `sort_order`, `is_published` from `team_members` order by `sort_order` asc - Unknown column 'education' in 'field list'","meta":{"path":"/api/admin/team","method":"GET"}}
{"ts":"2026-03-20T06:02:29.073Z","level":"error","message":"select `id`, `name`, `role`, `education`, `bio`, `photo_url`, `photo_position`, `sort_order`, `is_published` from `team_members` order by `sort_order` asc - Unknown column 'education' in 'field list'","meta":{"path":"/api/admin/team","method":"GET"}}
{"ts":"2026-03-20T06:02:29.347Z","level":"error","message":"select `id`, `name`, `role`, `education`, `bio`, `photo_url`, `photo_position`, `sort_order`, `is_published` from `team_members` order by `sort_order` asc - Unknown column 'education' in 'field list'","meta":{"path":"/api/admin/team","method":"GET"}}
{"ts":"2026-03-20T06:02:29.359Z","level":"error","message":"select `id`, `name`, `role`, `education`, `bio`, `photo_url`, `photo_position`, `sort_order`, `is_published` from `team_members` order by `sort_order` asc - Unknown column 'education' in 'field list'","meta":{"path":"/api/admin/team","method":"GET"}}
{"ts":"2026-03-20T06:04:34.538Z","level":"error","message":"Invalid login: 535 Incorrect authentication data","meta":{"emailTo":"yokemuke8@gmail.com","mailSubject":"Your admin email verification code"}}
{"ts":"2026-03-20T06:07:20.722Z","level":"error","message":"insert into `users` (`email`, `email_verified_at`, `is_active`, `password_hash`, `role_id`) values ('yokemuke8@gmail.com', NULL, false, '$2b$12$1mh6RyNf9H0LqN5zRwikEOOFehsCo5GNAniF.IglqpvZBfFeYATCa', 2) - Duplicate entry 'yokemuke8@gmail.com' for key 'users.users_email_unique'","meta":{"path":"/api/admin/users","method":"POST"}}
{"ts":"2026-03-20T06:08:55.805Z","level":"error","message":"select `id`, `name`, `role`, `education`, `bio`, `photo_url`, `photo_position`, `sort_order`, `is_published` from `team_members` order by `sort_order` asc - Unknown column 'education' in 'field list'","meta":{"path":"/api/admin/team","method":"GET"}}
{"ts":"2026-03-20T06:08:55.810Z","level":"error","message":"select `id`, `name`, `role`, `education`, `bio`, `photo_url`, `photo_position`, `sort_order`, `is_published` from `team_members` order by `sort_order` asc - Unknown column 'education' in 'field list'","meta":{"path":"/api/admin/team","method":"GET"}}
{"ts":"2026-03-20T06:09:05.052Z","level":"error","message":"select `id`, `name`, `role`, `education`, `bio`, `photo_url`, `photo_position`, `sort_order`, `is_published` from `team_members` order by `sort_order` asc - Unknown column 'education' in 'field list'","meta":{"path":"/api/admin/team","method":"GET"}}
{"ts":"2026-03-20T06:09:05.059Z","level":"error","message":"select `id`, `name`, `role`, `education`, `bio`, `photo_url`, `photo_position`, `sort_order`, `is_published` from `team_members` order by `sort_order` asc - Unknown column 'education' in 'field list'","meta":{"path":"/api/admin/team","method":"GET"}}
{"ts":"2026-03-20T06:09:55.629Z","level":"error","message":"select `id`, `name`, `role`, `education`, `bio`, `photo_url`, `photo_position`, `sort_order`, `is_published` from `team_members` order by `sort_order` asc - Unknown column 'education' in 'field list'","meta":{"path":"/api/admin/team","method":"GET"}}
{"ts":"2026-03-20T06:09:55.637Z","level":"error","message":"select `id`, `name`, `role`, `education`, `bio`, `photo_url`, `photo_position`, `sort_order`, `is_published` from `team_members` order by `sort_order` asc - Unknown column 'education' in 'field list'","meta":{"path":"/api/admin/team","method":"GET"}}
{"ts":"2026-03-20T06:10:14.504Z","level":"error","message":"select `id`, `name`, `role`, `education`, `bio`, `photo_url`, `photo_position`, `sort_order`, `is_published` from `team_members` order by `sort_order` asc - Unknown column 'education' in 'field list'","meta":{"path":"/api/admin/team","method":"GET"}}
{"ts":"2026-03-20T06:10:14.510Z","level":"error","message":"select `id`, `name`, `role`, `education`, `bio`, `photo_url`, `photo_position`, `sort_order`, `is_published` from `team_members` order by `sort_order` asc - Unknown column 'education' in 'field list'","meta":{"path":"/api/admin/team","method":"GET"}}
{"ts":"2026-03-20T06:13:22.957Z","level":"error","message":"select `id`, `name`, `role`, `education`, `bio`, `photo_url`, `photo_position`, `sort_order`, `is_published` from `team_members` order by `sort_order` asc - Unknown column 'education' in 'field list'","meta":{"path":"/api/admin/team","method":"GET"}}
{"ts":"2026-03-20T06:13:22.974Z","level":"error","message":"select `id`, `name`, `role`, `education`, `bio`, `photo_url`, `photo_position`, `sort_order`, `is_published` from `team_members` order by `sort_order` asc - Unknown column 'education' in 'field list'","meta":{"path":"/api/admin/team","method":"GET"}}
{"ts":"2026-03-20T06:13:35.731Z","level":"error","message":"select `id`, `name`, `role`, `education`, `bio`, `photo_url`, `photo_position`, `sort_order`, `is_published` from `team_members` order by `sort_order` asc - Unknown column 'education' in 'field list'","meta":{"path":"/api/admin/team","method":"GET"}}
{"ts":"2026-03-20T06:13:35.735Z","level":"error","message":"select `id`, `name`, `role`, `education`, `bio`, `photo_url`, `photo_position`, `sort_order`, `is_published` from `team_members` order by `sort_order` asc - Unknown column 'education' in 'field list'","meta":{"path":"/api/admin/team","method":"GET"}}
{"ts":"2026-03-20T06:13:36.071Z","level":"error","message":"select `id`, `name`, `role`, `education`, `bio`, `photo_url`, `photo_position`, `sort_order`, `is_published` from `team_members` order by `sort_order` asc - Unknown column 'education' in 'field list'","meta":{"path":"/api/admin/team","method":"GET"}}
{"ts":"2026-03-20T06:13:36.075Z","level":"error","message":"select `id`, `name`, `role`, `education`, `bio`, `photo_url`, `photo_position`, `sort_order`, `is_published` from `team_members` order by `sort_order` asc - Unknown column 'education' in 'field list'","meta":{"path":"/api/admin/team","method":"GET"}}
{"ts":"2026-03-20T06:13:37.400Z","level":"error","message":"select `id`, `name`, `role`, `education`, `bio`, `photo_url`, `photo_position`, `sort_order`, `is_published` from `team_members` order by `sort_order` asc - Unknown column 'education' in 'field list'","meta":{"path":"/api/admin/team","method":"GET"}}
{"ts":"2026-03-20T06:13:37.406Z","level":"error","message":"select `id`, `name`, `role`, `education`, `bio`, `photo_url`, `photo_position`, `sort_order`, `is_published` from `team_members` order by `sort_order` asc - Unknown column 'education' in 'field list'","meta":{"path":"/api/admin/team","method":"GET"}}
{"ts":"2026-03-20T06:13:37.710Z","level":"error","message":"select `id`, `name`, `role`, `education`, `bio`, `photo_url`, `photo_position`, `sort_order`, `is_published` from `team_members` order by `sort_order` asc - Unknown column 'education' in 'field list'","meta":{"path":"/api/admin/team","method":"GET"}}
{"ts":"2026-03-20T06:13:37.714Z","level":"error","message":"select `id`, `name`, `role`, `education`, `bio`, `photo_url`, `photo_position`, `sort_order`, `is_published` from `team_members` order by `sort_order` asc - Unknown column 'education' in 'field list'","meta":{"path":"/api/admin/team","method":"GET"}}
{"ts":"2026-03-20T06:13:40.201Z","level":"error","message":"select `id`, `name`, `role`, `education`, `bio`, `photo_url`, `photo_position`, `sort_order`, `is_published` from `team_members` order by `sort_order` asc - Unknown column 'education' in 'field list'","meta":{"path":"/api/admin/team","method":"GET"}}
{"ts":"2026-03-20T06:13:40.206Z","level":"error","message":"select `id`, `name`, `role`, `education`, `bio`, `photo_url`, `photo_position`, `sort_order`, `is_published` from `team_members` order by `sort_order` asc - Unknown column 'education' in 'field list'","meta":{"path":"/api/admin/team","method":"GET"}}
{"ts":"2026-03-20T06:14:51.539Z","level":"error","message":"select `id`, `name`, `role`, `education`, `bio`, `photo_url`, `photo_position`, `sort_order`, `is_published` from `team_members` order by `sort_order` asc - Unknown column 'education' in 'field list'","meta":{"path":"/api/admin/team","method":"GET"}}
{"ts":"2026-03-20T06:14:51.551Z","level":"error","message":"select `id`, `name`, `role`, `education`, `bio`, `photo_url`, `photo_position`, `sort_order`, `is_published` from `team_members` order by `sort_order` asc - Unknown column 'education' in 'field list'","meta":{"path":"/api/admin/team","method":"GET"}}
{"ts":"2026-03-20T06:14:51.844Z","level":"error","message":"select `id`, `name`, `role`, `education`, `bio`, `photo_url`, `photo_position`, `sort_order`, `is_published` from `team_members` order by `sort_order` asc - Unknown column 'education' in 'field list'","meta":{"path":"/api/admin/team","method":"GET"}}
{"ts":"2026-03-20T06:14:51.850Z","level":"error","message":"select `id`, `name`, `role`, `education`, `bio`, `photo_url`, `photo_position`, `sort_order`, `is_published` from `team_members` order by `sort_order` asc - Unknown column 'education' in 'field list'","meta":{"path":"/api/admin/team","method":"GET"}}
{"ts":"2026-03-20T06:14:56.685Z","level":"error","message":"select `id`, `name`, `role`, `education`, `bio`, `photo_url`, `photo_position`, `sort_order`, `is_published` from `team_members` order by `sort_order` asc - Unknown column 'education' in 'field list'","meta":{"path":"/api/admin/team","method":"GET"}}
{"ts":"2026-03-20T06:14:56.690Z","level":"error","message":"select `id`, `name`, `role`, `education`, `bio`, `photo_url`, `photo_position`, `sort_order`, `is_published` from `team_members` order by `sort_order` asc - Unknown column 'education' in 'field list'","meta":{"path":"/api/admin/team","method":"GET"}}
{"ts":"2026-03-20T06:14:56.994Z","level":"error","message":"select `id`, `name`, `role`, `education`, `bio`, `photo_url`, `photo_position`, `sort_order`, `is_published` from `team_members` order by `sort_order` asc - Unknown column 'education' in 'field list'","meta":{"path":"/api/admin/team","method":"GET"}}
{"ts":"2026-03-20T06:14:56.999Z","level":"error","message":"select `id`, `name`, `role`, `education`, `bio`, `photo_url`, `photo_position`, `sort_order`, `is_published` from `team_members` order by `sort_order` asc - Unknown column 'education' in 'field list'","meta":{"path":"/api/admin/team","method":"GET"}}
{"ts":"2026-03-20T06:36:30.709Z","level":"error","message":"update `team_members` set `name` = 'Test', `role` = 'CD', `education` = 'zcz', `bio` = '', `photo_url` = '/uploads/team/d75b185d-8512-4696-802f-7954abff5993.jpg', `photo_position` = '', `sort_order` = 0, `is_published` = true where `id` = 7 - Unknown column 'education' in 'field list'","meta":{"path":"/api/admin/team/7","method":"PUT"}}
{"ts":"2026-03-20T06:36:35.719Z","level":"error","message":"update `team_members` set `name` = 'Test', `role` = 'CD', `education` = 'zcz', `bio` = '', `photo_url` = '/uploads/team/d75b185d-8512-4696-802f-7954abff5993.jpg', `photo_position` = '', `sort_order` = 0, `is_published` = true where `id` = 7 - Unknown column 'education' in 'field list'","meta":{"path":"/api/admin/team/7","method":"PUT"}}
{"ts":"2026-03-20T06:36:40.638Z","level":"error","message":"select `id`, `name`, `role`, `education`, `bio`, `photo_url`, `photo_position`, `sort_order` from `team_members` where `is_published` = true order by `sort_order` asc - Unknown column 'education' in 'field list'","meta":{"path":"/api/team","method":"GET"}}
{"ts":"2026-03-20T06:36:40.644Z","level":"error","message":"select `id`, `name`, `role`, `education`, `bio`, `photo_url`, `photo_position`, `sort_order` from `team_members` where `is_published` = true order by `sort_order` asc - Unknown column 'education' in 'field list'","meta":{"path":"/api/team","method":"GET"}}
{"ts":"2026-03-20T06:36:43.666Z","level":"error","message":"select `id`, `name`, `role`, `education`, `bio`, `photo_url`, `photo_position`, `sort_order` from `team_members` where `is_published` = true order by `sort_order` asc - Unknown column 'education' in 'field list'","meta":{"path":"/api/team","method":"GET"}}
{"ts":"2026-03-20T06:36:43.671Z","level":"error","message":"select `id`, `name`, `role`, `education`, `bio`, `photo_url`, `photo_position`, `sort_order` from `team_members` where `is_published` = true order by `sort_order` asc - Unknown column 'education' in 'field list'","meta":{"path":"/api/team","method":"GET"}}
{"ts":"2026-03-20T06:36:49.950Z","level":"error","message":"select `id`, `name`, `role`, `education`, `bio`, `photo_url`, `photo_position`, `sort_order`, `is_published` from `team_members` order by `sort_order` asc - Unknown column 'education' in 'field list'","meta":{"path":"/api/admin/team","method":"GET"}}
{"ts":"2026-03-20T06:36:49.955Z","level":"error","message":"select `id`, `name`, `role`, `education`, `bio`, `photo_url`, `photo_position`, `sort_order`, `is_published` from `team_members` order by `sort_order` asc - Unknown column 'education' in 'field list'","meta":{"path":"/api/admin/team","method":"GET"}}
